// Jest Snapshot v1, https://goo.gl/fbAQLP

exports[`FavoriteCard should match the snapshot 1`] = `
ShallowWrapper {
  Symbol(enzyme.__root__): [Circular],
  Symbol(enzyme.__unrendered__): <FavoriteCard
    episode={
      Object {
        "image": "www.thisimgage.com",
        "showId": 921,
        "title": "Cake Boss",
        "tracked": Object {
          "favorites": true,
          "watched": true,
          "watchlist": true,
        },
      }
    }
    handleTracked={[MockFunction]}
    tracked={
      Array [
        Object {
          "id": 921,
          "image": "www.thisimgage.com",
          "title": "Cake Boss",
          "tracked": Object {
            "favorites": true,
            "watched": true,
            "watchlist": true,
          },
        },
      ]
    }
    tvShows={
      Array [
        Object {
          "id": 921,
          "image": "www.thisimgage.com",
          "title": "Cake Boss",
          "tracked": Object {
            "favorites": true,
            "watched": true,
            "watchlist": true,
          },
        },
      ]
    }
  />,
  Symbol(enzyme.__renderer__): Object {
    "batchedUpdates": [Function],
    "getNode": [Function],
    "render": [Function],
    "simulateError": [Function],
    "simulateEvent": [Function],
    "unmount": [Function],
  },
  Symbol(enzyme.__node__): Object {
    "instance": null,
    "key": undefined,
    "nodeType": "host",
    "props": Object {
      "children": Array [
        <div
          className="fav-card-background"
        />,
        <img
          className="fav-card-image"
          src="www.thisimgage.com"
        />,
        <article
          className="fav-card-info"
        >
          <h3
            className="episode-information"
          >
            Episode: 
            Cake Boss
          </h3>
          <h5
            className="episode-series"
          >
            Cake Boss
          </h5>
          <Link
            replace={false}
            to="/tvshow/921"
          >
            <button
              className="view-series-btn"
            >
              View Series
            </button>
          </Link>
          <p
            className="episode-runtime"
          >
            Runtime: 
          </p>
          <p
            className="episode-airdate"
          >
            Air date: 
          </p>
          <button
            className="fav-card-btns favorite-btn"
            onClick={[Function]}
            value="favorite"
          >
            Unfavorite
          </button>
          <button
            className="fav-card-btns watch-list-btn"
            onClick={[Function]}
            value="watchlist"
          >
            Remove from Watch List
          </button>
          <button
            className="fav-card-btns watched-btn"
            onClick={[Function]}
            value="watched"
          >
            Remove from Watched
          </button>
        </article>,
      ],
      "className": "fav-card",
    },
    "ref": null,
    "rendered": Array [
      Object {
        "instance": null,
        "key": undefined,
        "nodeType": "host",
        "props": Object {
          "className": "fav-card-background",
        },
        "ref": null,
        "rendered": null,
        "type": "div",
      },
      Object {
        "instance": null,
        "key": undefined,
        "nodeType": "host",
        "props": Object {
          "className": "fav-card-image",
          "src": "www.thisimgage.com",
        },
        "ref": null,
        "rendered": null,
        "type": "img",
      },
      Object {
        "instance": null,
        "key": undefined,
        "nodeType": "host",
        "props": Object {
          "children": Array [
            <h3
              className="episode-information"
            >
              Episode: 
              Cake Boss
            </h3>,
            <h5
              className="episode-series"
            >
              Cake Boss
            </h5>,
            <Link
              replace={false}
              to="/tvshow/921"
            >
              <button
                className="view-series-btn"
              >
                View Series
              </button>
            </Link>,
            <p
              className="episode-runtime"
            >
              Runtime: 
            </p>,
            <p
              className="episode-airdate"
            >
              Air date: 
            </p>,
            <button
              className="fav-card-btns favorite-btn"
              onClick={[Function]}
              value="favorite"
            >
              Unfavorite
            </button>,
            <button
              className="fav-card-btns watch-list-btn"
              onClick={[Function]}
              value="watchlist"
            >
              Remove from Watch List
            </button>,
            <button
              className="fav-card-btns watched-btn"
              onClick={[Function]}
              value="watched"
            >
              Remove from Watched
            </button>,
          ],
          "className": "fav-card-info",
        },
        "ref": null,
        "rendered": Array [
          Object {
            "instance": null,
            "key": undefined,
            "nodeType": "host",
            "props": Object {
              "children": Array [
                "Episode: ",
                "Cake Boss",
              ],
              "className": "episode-information",
            },
            "ref": null,
            "rendered": Array [
              "Episode: ",
              "Cake Boss",
            ],
            "type": "h3",
          },
          Object {
            "instance": null,
            "key": undefined,
            "nodeType": "host",
            "props": Object {
              "children": "Cake Boss",
              "className": "episode-series",
            },
            "ref": null,
            "rendered": "Cake Boss",
            "type": "h5",
          },
          Object {
            "instance": null,
            "key": "921",
            "nodeType": "class",
            "props": Object {
              "children": <button
                className="view-series-btn"
              >
                View Series
              </button>,
              "replace": false,
              "to": "/tvshow/921",
            },
            "ref": null,
            "rendered": Object {
              "instance": null,
              "key": undefined,
              "nodeType": "host",
              "props": Object {
                "children": "View Series",
                "className": "view-series-btn",
              },
              "ref": null,
              "rendered": "View Series",
              "type": "button",
            },
            "type": [Function],
          },
          Object {
            "instance": null,
            "key": undefined,
            "nodeType": "host",
            "props": Object {
              "children": Array [
                "Runtime: ",
                undefined,
              ],
              "className": "episode-runtime",
            },
            "ref": null,
            "rendered": Array [
              "Runtime: ",
              undefined,
            ],
            "type": "p",
          },
          Object {
            "instance": null,
            "key": undefined,
            "nodeType": "host",
            "props": Object {
              "children": Array [
                "Air date: ",
                undefined,
              ],
              "className": "episode-airdate",
            },
            "ref": null,
            "rendered": Array [
              "Air date: ",
              undefined,
            ],
            "type": "p",
          },
          Object {
            "instance": null,
            "key": undefined,
            "nodeType": "host",
            "props": Object {
              "children": "Unfavorite",
              "className": "fav-card-btns favorite-btn",
              "onClick": [Function],
              "value": "favorite",
            },
            "ref": null,
            "rendered": "Unfavorite",
            "type": "button",
          },
          Object {
            "instance": null,
            "key": undefined,
            "nodeType": "host",
            "props": Object {
              "children": "Remove from Watch List",
              "className": "fav-card-btns watch-list-btn",
              "onClick": [Function],
              "value": "watchlist",
            },
            "ref": null,
            "rendered": "Remove from Watch List",
            "type": "button",
          },
          Object {
            "instance": null,
            "key": undefined,
            "nodeType": "host",
            "props": Object {
              "children": "Remove from Watched",
              "className": "fav-card-btns watched-btn",
              "onClick": [Function],
              "value": "watched",
            },
            "ref": null,
            "rendered": "Remove from Watched",
            "type": "button",
          },
        ],
        "type": "article",
      },
    ],
    "type": "section",
  },
  Symbol(enzyme.__nodes__): Array [
    Object {
      "instance": null,
      "key": undefined,
      "nodeType": "host",
      "props": Object {
        "children": Array [
          <div
            className="fav-card-background"
          />,
          <img
            className="fav-card-image"
            src="www.thisimgage.com"
          />,
          <article
            className="fav-card-info"
          >
            <h3
              className="episode-information"
            >
              Episode: 
              Cake Boss
            </h3>
            <h5
              className="episode-series"
            >
              Cake Boss
            </h5>
            <Link
              replace={false}
              to="/tvshow/921"
            >
              <button
                className="view-series-btn"
              >
                View Series
              </button>
            </Link>
            <p
              className="episode-runtime"
            >
              Runtime: 
            </p>
            <p
              className="episode-airdate"
            >
              Air date: 
            </p>
            <button
              className="fav-card-btns favorite-btn"
              onClick={[Function]}
              value="favorite"
            >
              Unfavorite
            </button>
            <button
              className="fav-card-btns watch-list-btn"
              onClick={[Function]}
              value="watchlist"
            >
              Remove from Watch List
            </button>
            <button
              className="fav-card-btns watched-btn"
              onClick={[Function]}
              value="watched"
            >
              Remove from Watched
            </button>
          </article>,
        ],
        "className": "fav-card",
      },
      "ref": null,
      "rendered": Array [
        Object {
          "instance": null,
          "key": undefined,
          "nodeType": "host",
          "props": Object {
            "className": "fav-card-background",
          },
          "ref": null,
          "rendered": null,
          "type": "div",
        },
        Object {
          "instance": null,
          "key": undefined,
          "nodeType": "host",
          "props": Object {
            "className": "fav-card-image",
            "src": "www.thisimgage.com",
          },
          "ref": null,
          "rendered": null,
          "type": "img",
        },
        Object {
          "instance": null,
          "key": undefined,
          "nodeType": "host",
          "props": Object {
            "children": Array [
              <h3
                className="episode-information"
              >
                Episode: 
                Cake Boss
              </h3>,
              <h5
                className="episode-series"
              >
                Cake Boss
              </h5>,
              <Link
                replace={false}
                to="/tvshow/921"
              >
                <button
                  className="view-series-btn"
                >
                  View Series
                </button>
              </Link>,
              <p
                className="episode-runtime"
              >
                Runtime: 
              </p>,
              <p
                className="episode-airdate"
              >
                Air date: 
              </p>,
              <button
                className="fav-card-btns favorite-btn"
                onClick={[Function]}
                value="favorite"
              >
                Unfavorite
              </button>,
              <button
                className="fav-card-btns watch-list-btn"
                onClick={[Function]}
                value="watchlist"
              >
                Remove from Watch List
              </button>,
              <button
                className="fav-card-btns watched-btn"
                onClick={[Function]}
                value="watched"
              >
                Remove from Watched
              </button>,
            ],
            "className": "fav-card-info",
          },
          "ref": null,
          "rendered": Array [
            Object {
              "instance": null,
              "key": undefined,
              "nodeType": "host",
              "props": Object {
                "children": Array [
                  "Episode: ",
                  "Cake Boss",
                ],
                "className": "episode-information",
              },
              "ref": null,
              "rendered": Array [
                "Episode: ",
                "Cake Boss",
              ],
              "type": "h3",
            },
            Object {
              "instance": null,
              "key": undefined,
              "nodeType": "host",
              "props": Object {
                "children": "Cake Boss",
                "className": "episode-series",
              },
              "ref": null,
              "rendered": "Cake Boss",
              "type": "h5",
            },
            Object {
              "instance": null,
              "key": "921",
              "nodeType": "class",
              "props": Object {
                "children": <button
                  className="view-series-btn"
                >
                  View Series
                </button>,
                "replace": false,
                "to": "/tvshow/921",
              },
              "ref": null,
              "rendered": Object {
                "instance": null,
                "key": undefined,
                "nodeType": "host",
                "props": Object {
                  "children": "View Series",
                  "className": "view-series-btn",
                },
                "ref": null,
                "rendered": "View Series",
                "type": "button",
              },
              "type": [Function],
            },
            Object {
              "instance": null,
              "key": undefined,
              "nodeType": "host",
              "props": Object {
                "children": Array [
                  "Runtime: ",
                  undefined,
                ],
                "className": "episode-runtime",
              },
              "ref": null,
              "rendered": Array [
                "Runtime: ",
                undefined,
              ],
              "type": "p",
            },
            Object {
              "instance": null,
              "key": undefined,
              "nodeType": "host",
              "props": Object {
                "children": Array [
                  "Air date: ",
                  undefined,
                ],
                "className": "episode-airdate",
              },
              "ref": null,
              "rendered": Array [
                "Air date: ",
                undefined,
              ],
              "type": "p",
            },
            Object {
              "instance": null,
              "key": undefined,
              "nodeType": "host",
              "props": Object {
                "children": "Unfavorite",
                "className": "fav-card-btns favorite-btn",
                "onClick": [Function],
                "value": "favorite",
              },
              "ref": null,
              "rendered": "Unfavorite",
              "type": "button",
            },
            Object {
              "instance": null,
              "key": undefined,
              "nodeType": "host",
              "props": Object {
                "children": "Remove from Watch List",
                "className": "fav-card-btns watch-list-btn",
                "onClick": [Function],
                "value": "watchlist",
              },
              "ref": null,
              "rendered": "Remove from Watch List",
              "type": "button",
            },
            Object {
              "instance": null,
              "key": undefined,
              "nodeType": "host",
              "props": Object {
                "children": "Remove from Watched",
                "className": "fav-card-btns watched-btn",
                "onClick": [Function],
                "value": "watched",
              },
              "ref": null,
              "rendered": "Remove from Watched",
              "type": "button",
            },
          ],
          "type": "article",
        },
      ],
      "type": "section",
    },
  ],
  Symbol(enzyme.__options__): Object {
    "adapter": ReactSixteenAdapter {
      "options": Object {
        "enableComponentDidUpdateOnSetState": true,
        "lifecycles": Object {
          "componentDidUpdate": Object {
            "onSetState": true,
          },
          "getDerivedStateFromProps": true,
          "getSnapshotBeforeUpdate": true,
          "setState": Object {
            "skipsComponentDidUpdateOnNullish": true,
          },
        },
      },
    },
  },
}
`;
