// Jest Snapshot v1, https://goo.gl/fbAQLP

exports[`Header should match the snapshot 1`] = `
ShallowWrapper {
  Symbol(enzyme.__root__): [Circular],
  Symbol(enzyme.__unrendered__): <Header />,
  Symbol(enzyme.__renderer__): Object {
    "batchedUpdates": [Function],
    "getNode": [Function],
    "render": [Function],
    "simulateError": [Function],
    "simulateEvent": [Function],
    "unmount": [Function],
  },
  Symbol(enzyme.__node__): Object {
    "instance": null,
    "key": undefined,
    "nodeType": "host",
    "props": Object {
      "children": Array [
        <img
          className="cupcake"
          src="/cupcake.svg"
        />,
        <h1
          className="heading"
        >
          Watch-o-licious
        </h1>,
        <section
          className="buttons"
        >
          <NavLink
            activeClassName="active"
            aria-current="page"
            className="header-btn"
            to="/favorites"
          >
            Favorites
          </NavLink>
          <NavLink
            activeClassName="active"
            aria-current="page"
            className="header-btn"
            to="/watched"
          >
            Watched
          </NavLink>
          <NavLink
            activeClassName="active"
            aria-current="page"
            className="header-btn"
            to="/watchlist"
          >
            Watch List
          </NavLink>
          <NavLink
            activeClassName="active"
            aria-current="page"
            className="header-btn"
            exact={true}
            to="/"
          >
            Home
          </NavLink>
        </section>,
      ],
      "className": "header",
    },
    "ref": null,
    "rendered": Array [
      Object {
        "instance": null,
        "key": undefined,
        "nodeType": "host",
        "props": Object {
          "className": "cupcake",
          "src": "/cupcake.svg",
        },
        "ref": null,
        "rendered": null,
        "type": "img",
      },
      Object {
        "instance": null,
        "key": undefined,
        "nodeType": "host",
        "props": Object {
          "children": "Watch-o-licious",
          "className": "heading",
        },
        "ref": null,
        "rendered": "Watch-o-licious",
        "type": "h1",
      },
      Object {
        "instance": null,
        "key": undefined,
        "nodeType": "host",
        "props": Object {
          "children": Array [
            <NavLink
              activeClassName="active"
              aria-current="page"
              className="header-btn"
              to="/favorites"
            >
              Favorites
            </NavLink>,
            <NavLink
              activeClassName="active"
              aria-current="page"
              className="header-btn"
              to="/watched"
            >
              Watched
            </NavLink>,
            <NavLink
              activeClassName="active"
              aria-current="page"
              className="header-btn"
              to="/watchlist"
            >
              Watch List
            </NavLink>,
            <NavLink
              activeClassName="active"
              aria-current="page"
              className="header-btn"
              exact={true}
              to="/"
            >
              Home
            </NavLink>,
          ],
          "className": "buttons",
        },
        "ref": null,
        "rendered": Array [
          Object {
            "instance": null,
            "key": undefined,
            "nodeType": "function",
            "props": Object {
              "activeClassName": "active",
              "aria-current": "page",
              "children": "Favorites",
              "className": "header-btn",
              "to": "/favorites",
            },
            "ref": null,
            "rendered": "Favorites",
            "type": [Function],
          },
          Object {
            "instance": null,
            "key": undefined,
            "nodeType": "function",
            "props": Object {
              "activeClassName": "active",
              "aria-current": "page",
              "children": "Watched",
              "className": "header-btn",
              "to": "/watched",
            },
            "ref": null,
            "rendered": "Watched",
            "type": [Function],
          },
          Object {
            "instance": null,
            "key": undefined,
            "nodeType": "function",
            "props": Object {
              "activeClassName": "active",
              "aria-current": "page",
              "children": "Watch List",
              "className": "header-btn",
              "to": "/watchlist",
            },
            "ref": null,
            "rendered": "Watch List",
            "type": [Function],
          },
          Object {
            "instance": null,
            "key": undefined,
            "nodeType": "function",
            "props": Object {
              "activeClassName": "active",
              "aria-current": "page",
              "children": "Home",
              "className": "header-btn",
              "exact": true,
              "to": "/",
            },
            "ref": null,
            "rendered": "Home",
            "type": [Function],
          },
        ],
        "type": "section",
      },
    ],
    "type": "div",
  },
  Symbol(enzyme.__nodes__): Array [
    Object {
      "instance": null,
      "key": undefined,
      "nodeType": "host",
      "props": Object {
        "children": Array [
          <img
            className="cupcake"
            src="/cupcake.svg"
          />,
          <h1
            className="heading"
          >
            Watch-o-licious
          </h1>,
          <section
            className="buttons"
          >
            <NavLink
              activeClassName="active"
              aria-current="page"
              className="header-btn"
              to="/favorites"
            >
              Favorites
            </NavLink>
            <NavLink
              activeClassName="active"
              aria-current="page"
              className="header-btn"
              to="/watched"
            >
              Watched
            </NavLink>
            <NavLink
              activeClassName="active"
              aria-current="page"
              className="header-btn"
              to="/watchlist"
            >
              Watch List
            </NavLink>
            <NavLink
              activeClassName="active"
              aria-current="page"
              className="header-btn"
              exact={true}
              to="/"
            >
              Home
            </NavLink>
          </section>,
        ],
        "className": "header",
      },
      "ref": null,
      "rendered": Array [
        Object {
          "instance": null,
          "key": undefined,
          "nodeType": "host",
          "props": Object {
            "className": "cupcake",
            "src": "/cupcake.svg",
          },
          "ref": null,
          "rendered": null,
          "type": "img",
        },
        Object {
          "instance": null,
          "key": undefined,
          "nodeType": "host",
          "props": Object {
            "children": "Watch-o-licious",
            "className": "heading",
          },
          "ref": null,
          "rendered": "Watch-o-licious",
          "type": "h1",
        },
        Object {
          "instance": null,
          "key": undefined,
          "nodeType": "host",
          "props": Object {
            "children": Array [
              <NavLink
                activeClassName="active"
                aria-current="page"
                className="header-btn"
                to="/favorites"
              >
                Favorites
              </NavLink>,
              <NavLink
                activeClassName="active"
                aria-current="page"
                className="header-btn"
                to="/watched"
              >
                Watched
              </NavLink>,
              <NavLink
                activeClassName="active"
                aria-current="page"
                className="header-btn"
                to="/watchlist"
              >
                Watch List
              </NavLink>,
              <NavLink
                activeClassName="active"
                aria-current="page"
                className="header-btn"
                exact={true}
                to="/"
              >
                Home
              </NavLink>,
            ],
            "className": "buttons",
          },
          "ref": null,
          "rendered": Array [
            Object {
              "instance": null,
              "key": undefined,
              "nodeType": "function",
              "props": Object {
                "activeClassName": "active",
                "aria-current": "page",
                "children": "Favorites",
                "className": "header-btn",
                "to": "/favorites",
              },
              "ref": null,
              "rendered": "Favorites",
              "type": [Function],
            },
            Object {
              "instance": null,
              "key": undefined,
              "nodeType": "function",
              "props": Object {
                "activeClassName": "active",
                "aria-current": "page",
                "children": "Watched",
                "className": "header-btn",
                "to": "/watched",
              },
              "ref": null,
              "rendered": "Watched",
              "type": [Function],
            },
            Object {
              "instance": null,
              "key": undefined,
              "nodeType": "function",
              "props": Object {
                "activeClassName": "active",
                "aria-current": "page",
                "children": "Watch List",
                "className": "header-btn",
                "to": "/watchlist",
              },
              "ref": null,
              "rendered": "Watch List",
              "type": [Function],
            },
            Object {
              "instance": null,
              "key": undefined,
              "nodeType": "function",
              "props": Object {
                "activeClassName": "active",
                "aria-current": "page",
                "children": "Home",
                "className": "header-btn",
                "exact": true,
                "to": "/",
              },
              "ref": null,
              "rendered": "Home",
              "type": [Function],
            },
          ],
          "type": "section",
        },
      ],
      "type": "div",
    },
  ],
  Symbol(enzyme.__options__): Object {
    "adapter": ReactSixteenAdapter {
      "options": Object {
        "enableComponentDidUpdateOnSetState": true,
        "lifecycles": Object {
          "componentDidUpdate": Object {
            "onSetState": true,
          },
          "getDerivedStateFromProps": true,
          "getSnapshotBeforeUpdate": true,
          "setState": Object {
            "skipsComponentDidUpdateOnNullish": true,
          },
        },
      },
    },
  },
}
`;
